[00:00:00][trace]
[00:00:00][debug]
[00:00:00][info]
[00:00:00][warn]
[00:00:00][error]

[00:00:00][trace]
[00:00:00][debug]
[00:00:00][info]
[00:00:00][warn]
[00:00:00][error]
